[Step 1] Socket created successfully (FD: 3)
[Step 2] Bound successfully to port 8080
[Step 3] Multithreaded server listening with backlog queue of 10

=====================================================
  Multithreaded TCP Server listening on port 8080...
  Max Clients Capacity: 100 (Protected by pthread_mutex)
  Waiting for incoming client connections...
=====================================================

